2023-02-15 21:55:15 INFO     {'window_size': 1200, 'nhead': 4, 'dropout': 0.1, 'd_hid': 2048, 'n_layers': 2, 'cuda': True, 'batch_size': 512, 'num_ent': 7128, 'num_rel': 230, 'ent_dim': 100, 'rel_dim': 100, 'time_dim': 20, 'state_dim': 100, 'action_dim': 200, 'mlp_input_dim': 400, 'mlp_hidden_dim': 100, 'path_length': 3, 'max_candidate_num': 50, 'max_action_num': 50, 'lambda': 0.0, 'gamma': 0.95, 'ita': 0.01, 'zita': 0.9, 'beam_size': 100, 'entities_embeds_method': 'dynamic'}
2023-02-15 21:55:15 INFO     Namespace(Gamma=0.95, IM=True, Ita=0.01, Lambda=0.0, Zita=0.9, alphas_pkl='dirchlet_alphas.pkl', batch_size=512, beam_size=100, clip_gradient=10.0, cuda=True, d_hid=2048, data_path='data/ICEWS14', do_test=True, do_train=False, dropout=0.1, ent_dim=100, entities_embeds_method='dynamic', frefile_pkl='candidate_recent_frequency.pkl', hidden_dim=100, history_candidate_path='history_candidate_space.pkl', k=300, load_model_path='logs/checkpoint_75.pth', lr=0.001, max_action_num=50, max_candidate_num=50, max_epochs=300, mu=0.1, n_layers=2, nhead=4, num_workers=8, path_length=3, rel_dim=100, reward_shaping=False, save_epoch=15, save_path='logs', state_actions_path='state_actions_space.pkl', state_dim=100, test_batch_size=1, test_inductive=False, time_dim=20, time_span=24, valid_epoch=30, window_size=1200)
2023-02-15 21:55:22 INFO     Load pretrain model: logs/checkpoint_75.pth
2023-02-15 21:55:22 INFO     Start Testing......
2023-02-15 22:06:02 INFO     Test MRR : 0.4188973145697735
2023-02-15 22:06:02 INFO     Test HITS@1 : 0.3397368022991983
2023-02-15 22:06:02 INFO     Test HITS@3 : 0.45378913931326575
2023-02-15 22:06:02 INFO     Test HITS@10 : 0.5717364997731055
